bhupenku@LIN-5CG1154CGZ MINGW64 ~/IdeaProjects
$ git init
Initialized empty Git repository in C:/Users/bhupenku/IdeaProjects/.git/

bhupenku@LIN-5CG1154CGZ MINGW64 ~/IdeaProjects (master)
$ git add Java_program
warning: in the working copy of 'Java_program/.gitignore', LF will be replaced by CRLF the next time Git touches it
warning: in the working copy of 'Java_program/.idea/inspectionProfiles/Project_Default.xml', LF will be replaced by CRLF the next time Git touches it
warning: in the working copy of 'Java_program/src/Main.java', LF will be replaced by CRLF the next time Git touches it

bhupenku@LIN-5CG1154CGZ MINGW64 ~/IdeaProjects (master)
$ git commit -m 'first code'
[master (root-commit) f41c15e] first code
 65 files changed, 2366 insertions(+)
 create mode 100644 Java_program/.gitignore
 create mode 100644 Java_program/.idea/.gitignore
 create mode 100644 Java_program/.idea/inspectionProfiles/Project_Default.xml
 create mode 100644 Java_program/.idea/misc.xml
 create mode 100644 Java_program/.idea/modules.xml
 create mode 100644 Java_program/.idea/uiDesigner.xml
 create mode 100644 Java_program/Java_program.iml
 create mode 100644 Java_program/src/Main.java
 create mode 100644 Java_program/src/com/java/capgemin/Test16/Product.java
 create mode 100644 Java_program/src/com/java/capgemin/Test16/ProductMail.java
 create mode 100644 Java_program/src/com/java/capgemin/Test2.java
 create mode 100644 Java_program/src/com/java/capgemin/Test20/Employee.java
 create mode 100644 Java_program/src/com/java/capgemin/Test20/EmployeeMain.java
 create mode 100644 Java_program/src/com/java/capgemin/Test20/EmplyeeByNameCompa.java
 create mode 100644 Java_program/src/com/java/capgemin/Test20/SortByID.java
 create mode 100644 Java_program/src/com/java/capgemin/Testp/MemoryLeaksDemo.java
 create mode 100644 Java_program/src/com/java/capgemin/Testp/Pattern.java
 create mode 100644 Java_program/src/com/java/capgemin/Testp/Singleton.java
 create mode 100644 Java_program/src/com/java/capgemin/Testp/Test12.java
 create mode 100644 Java_program/src/com/java/capgemin/Testp/Test23.java
 create mode 100644 Java_program/src/com/java/capgemin/Testw.java
 create mode 100644 Java_program/src/com/java/capgemin/base/BaseClassEx.java
 create mode 100644 Java_program/src/com/java/capgemin/base/BaseSubClass.java
 create mode 100644 Java_program/src/com/java/capgemin/base/ExceptionProgram.java
 create mode 100644 Java_program/src/com/java/capgemin/base/Superclass.java
 create mode 100644 Java_program/src/com/java/capgemin/compare/Customer.java
 create mode 100644 Java_program/src/com/java/capgemin/compare/CustomerByNameSort.java
 create mode 100644 Java_program/src/com/java/capgemin/compare/CustomerMain.java
 create mode 100644 Java_program/src/com/java/capgemin/corejava/Test1.java
 create mode 100644 Java_program/src/com/java/capgemin/immutable/FinalClassExample.java
 create mode 100644 Java_program/src/com/java/capgemin/pr/Address.java
 create mode 100644 Java_program/src/com/java/capgemin/pr/Employee.java
 create mode 100644 Java_program/src/com/java/capgemin/pr/MagicNumber.java
 create mode 100644 Java_program/src/com/java/capgemin/pr/MainEmployee.java
 create mode 100644 Java_program/src/com/java/capgemin/pr/MainSingle.java
 create mode 100644 Java_program/src/com/java/capgemin/pr/Singleton.java
 create mode 100644 Java_program/src/com/java/capgemin/pr/StringMethod.java
 create mode 100644 Java_program/src/com/java/capgemin/pr/Test26.java
 create mode 100644 Java_program/src/com/java/capgemin/pr/factory/AppleAuth.java
 create mode 100644 Java_program/src/com/java/capgemin/pr/factory/AuthFactory.java
 create mode 100644 Java_program/src/com/java/capgemin/pr/factory/AuthentionServer.java
 create mode 100644 Java_program/src/com/java/capgemin/pr/factory/FaceBookAuth.java
 create mode 100644 Java_program/src/com/java/capgemin/pr/factory/TestFactory.java
 create mode 100644 Java_program/src/com/java/capgemin/pr/function/A.java
 create mode 100644 Java_program/src/com/java/capgemin/pr/function/AB.java
 create mode 100644 Java_program/src/com/java/capgemin/pr/function/B.java
 create mode 100644 Java_program/src/com/java/capgemin/pr/function/TestInterMain.java
 create mode 100644 Java_program/src/com/java/capgemin/pr/function/TestInterface.java
 create mode 100644 Java_program/src/com/java/capgemin/pr/ggg.java
 create mode 100644 Java_program/src/com/java/capgemin/pr/java8/Interface1.java
 create mode 100644 Java_program/src/com/java/capgemin/pr/program/DulicateRemove.java
 create mode 100644 Java_program/src/com/java/capgemin/pr/program/PairOfelement.java
 create mode 100644 Java_program/src/com/java/capgemin/pr/program/SortArrays.java
 create mode 100644 Java_program/src/com/java/capgemin/pr/program/SubSet.java
 create mode 100644 Java_program/src/com/java/capgemin/pr/thread/SimpleThreadPool.java
 create mode 100644 Java_program/src/com/java/capgemin/pr/thread/WorkerThread.java
 create mode 100644 Java_program/src/com/java/capgemin/program/A.java
 create mode 100644 Java_program/src/com/java/capgemin/program/B.java
 create mode 100644 Java_program/src/com/java/capgemin/program/Student.java
 create mode 100644 Java_program/src/com/java/capgemin/program/StudentMain.java
 create mode 100644 Java_program/src/com/java/capgemin/testfunction/Functiontest.java
 create mode 100644 Java_program/src/com/java/capgemin/testfunction/TestFunction.java
 create mode 100644 Java_program/src/com/java/capgemin/wp/Employee.java
 create mode 100644 Java_program/src/com/java/capgemin/wp/MergeArray.java
 create mode 100644 Java_program/src/com/java/capgemin/wp/StreamList.java

bhupenku@LIN-5CG1154CGZ MINGW64 ~/IdeaProjects (master)
$ git remote add origin https://github.com/bhup9008/Javatest.git

bhupenku@LIN-5CG1154CGZ MINGW64 ~/IdeaProjects (master)
$ git push origin master
To https://github.com/bhup9008/Javatest.git
 ! [rejected]        master -> master (fetch first)
error: failed to push some refs to 'https://github.com/bhup9008/Javatest.git'
hint: Updates were rejected because the remote contains work that you do not
hint: have locally. This is usually caused by another repository pushing to
hint: the same ref. If you want to integrate the remote changes, use
hint: 'git pull' before pushing again.
hint: See the 'Note about fast-forwards' in 'git push --help' for details.

bhupenku@LIN-5CG1154CGZ MINGW64 ~/IdeaProjects (master)
$ git push -u origin master
To https://github.com/bhup9008/Javatest.git
 ! [rejected]        master -> master (fetch first)
error: failed to push some refs to 'https://github.com/bhup9008/Javatest.git'
hint: Updates were rejected because the remote contains work that you do not
hint: have locally. This is usually caused by another repository pushing to
hint: the same ref. If you want to integrate the remote changes, use
hint: 'git pull' before pushing again.
hint: See the 'Note about fast-forwards' in 'git push --help' for details.

bhupenku@LIN-5CG1154CGZ MINGW64 ~/IdeaProjects (master)
$ git pull
remote: Enumerating objects: 3, done.
remote: Counting objects: 100% (3/3), done.
remote: Total 3 (delta 0), reused 0 (delta 0), pack-reused 0 (from 0)
Unpacking objects: 100% (3/3), 869 bytes | 27.00 KiB/s, done.
From https://github.com/bhup9008/Javatest
 * [new branch]      master     -> origin/master
There is no tracking information for the current branch.
Please specify which branch you want to merge with.
See git-pull(1) for details.

    git pull <remote> <branch>

If you wish to set tracking information for this branch you can do so with:

    git branch --set-upstream-to=origin/<branch> master


bhupenku@LIN-5CG1154CGZ MINGW64 ~/IdeaProjects (master)
$ git push -u origin master
To https://github.com/bhup9008/Javatest.git
 ! [rejected]        master -> master (non-fast-forward)
error: failed to push some refs to 'https://github.com/bhup9008/Javatest.git'
hint: Updates were rejected because the tip of your current branch is behind
hint: its remote counterpart. If you want to integrate the remote changes,
hint: use 'git pull' before pushing again.
hint: See the 'Note about fast-forwards' in 'git push --help' for details.

bhupenku@LIN-5CG1154CGZ MINGW64 ~/IdeaProjects (master)
$ git push origin master
To https://github.com/bhup9008/Javatest.git
 ! [rejected]        master -> master (non-fast-forward)
error: failed to push some refs to 'https://github.com/bhup9008/Javatest.git'
hint: Updates were rejected because the tip of your current branch is behind
hint: its remote counterpart. If you want to integrate the remote changes,
hint: use 'git pull' before pushing again.
hint: See the 'Note about fast-forwards' in 'git push --help' for details.

bhupenku@LIN-5CG1154CGZ MINGW64 ~/IdeaProjects (master)
$ git push origin/master
fatal: 'origin/master' does not appear to be a git repository
fatal: Could not read from remote repository.

Please make sure you have the correct access rights
and the repository exists.

bhupenku@LIN-5CG1154CGZ MINGW64 ~/IdeaProjects (master)
$ git pull origin master
From https://github.com/bhup9008/Javatest
 * branch            master     -> FETCH_HEAD
fatal: refusing to merge unrelated histories

bhupenku@LIN-5CG1154CGZ MINGW64 ~/IdeaProjects (master)
$ git push origin master
To https://github.com/bhup9008/Javatest.git
 ! [rejected]        master -> master (non-fast-forward)
error: failed to push some refs to 'https://github.com/bhup9008/Javatest.git'
hint: Updates were rejected because the tip of your current branch is behind
hint: its remote counterpart. If you want to integrate the remote changes,
hint: use 'git pull' before pushing again.
hint: See the 'Note about fast-forwards' in 'git push --help' for details.

bhupenku@LIN-5CG1154CGZ MINGW64 ~/IdeaProjects (master)
$ git remote -v
origin  https://github.com/bhup9008/Javatest.git (fetch)
origin  https://github.com/bhup9008/Javatest.git (push)

bhupenku@LIN-5CG1154CGZ MINGW64 ~/IdeaProjects (master)
$ git pull --rebase
There is no tracking information for the current branch.
Please specify which branch you want to rebase against.
See git-pull(1) for details.

    git pull <remote> <branch>

If you wish to set tracking information for this branch you can do so with:

    git branch --set-upstream-to=origin/<branch> master


bhupenku@LIN-5CG1154CGZ MINGW64 ~/IdeaProjects (master)
$ git pull --rebase origin master
From https://github.com/bhup9008/Javatest
 * branch            master     -> FETCH_HEAD
Successfully rebased and updated refs/heads/master.

bhupenku@LIN-5CG1154CGZ MINGW64 ~/IdeaProjects (master)
$ git status
On branch master
nothing to commit, working tree clean

bhupenku@LIN-5CG1154CGZ MINGW64 ~/IdeaProjects (master)
$ git branch
* master

bhupenku@LIN-5CG1154CGZ MINGW64 ~/IdeaProjects (master)
$ git push origin master
Enumerating objects: 91, done.
Counting objects: 100% (91/91), done.
Delta compression using up to 8 threads
Compressing objects: 100% (84/84), done.
Writing objects: 100% (90/90), 26.79 KiB | 338.00 KiB/s, done.
Total 90 (delta 6), reused 0 (delta 0), pack-reused 0 (from 0)
remote: Resolving deltas: 100% (6/6), done.
To https://github.com/bhup9008/Javatest.git
   9f14f64..59ba877  master -> master

bhupenku@LIN-5CG1154CGZ MINGW64 ~/IdeaProjects (master)
